// Jest Snapshot v1, https://goo.gl/fbAQLP

exports[`sounds has known exports 1`] = `
Array [
  "SoundService",
  "LOGGER_META",
]
`;
