// Jest Snapshot v1, https://goo.gl/fbAQLP

exports[`winston-jest has known exports 1`] = `
Array [
  "getJestLogger",
  "snapshotExistingLogger",
  "WinstonJestTransport",
]
`;
