// Jest Snapshot v1, https://goo.gl/fbAQLP

exports[`getJestLogger callsMatchSnapshot 1`] = `
Array [
  Object {
    "level": "error",
    "message": "call 1",
    Symbol(level): "error",
    Symbol(message): "{\\"level\\":\\"error\\",\\"message\\":\\"call 1\\"}",
  },
]
`;

exports[`getJestLogger callsMatchSnapshot 2`] = `
Array [
  Object {
    "level": "warn",
    "message": "call 2",
    Symbol(level): "warn",
    Symbol(message): "{\\"level\\":\\"warn\\",\\"message\\":\\"call 2\\"}",
  },
]
`;

exports[`getJestLogger callsMatchSnapshot 3`] = `
Array [
  Object {
    "level": "info",
    "message": "call 3",
    Symbol(level): "info",
    Symbol(message): "{\\"level\\":\\"info\\",\\"message\\":\\"call 3\\"}",
  },
]
`;

exports[`getJestLogger callsMatchSnapshot 4`] = `
Array [
  Object {
    "level": "verbose",
    "message": "call 4",
    Symbol(level): "verbose",
    Symbol(message): "{\\"level\\":\\"verbose\\",\\"message\\":\\"call 4\\"}",
  },
]
`;

exports[`getJestLogger callsMatchSnapshot 5`] = `
Array [
  Object {
    "level": "debug",
    "message": "call 5",
    Symbol(level): "debug",
    Symbol(message): "{\\"level\\":\\"debug\\",\\"message\\":\\"call 5\\"}",
  },
]
`;

exports[`getJestLogger callsMatchSnapshot 6`] = `
Array [
  Object {
    "level": "silly",
    "message": "call 6",
    Symbol(level): "silly",
    Symbol(message): "{\\"level\\":\\"silly\\",\\"message\\":\\"call 6\\"}",
  },
]
`;
