// Jest Snapshot v1, https://goo.gl/fbAQLP

exports[`player has known exports 1`] = `
Array [
  "PlayerService",
]
`;
