// Jest Snapshot v1, https://goo.gl/fbAQLP

exports[`utils has known exports 1`] = `
Array [
  "inspectAndLog",
  "randomIntFromInterval",
]
`;
